=== Checking AWS credentials ===
=== Terraform: init + apply ===
[0m[1mInitializing modules...[0m
[0m[1mInitializing provider plugins found in the configuration...[0m
- Reusing previous version of hashicorp/aws from the dependency lock file
- Using previously-installed hashicorp/aws v5.100.0

[0m[1mInitializing the backend...[0m

[0m[1mInitializing provider plugins found in the state...[0m


[0m[1m[32mTerraform has been successfully initialized![0m[32m[0m
[0m[32m
You may now begin working with Terraform. Try running "terraform plan" to see
any changes that are required for your infrastructure. All Terraform commands
should now work.

If you ever set or change modules or backend configuration for Terraform,
rerun this command to reinitialize your working directory. If you forget, other
commands will detect it and remind you to do so if necessary.[0m
[0m[1mdata.aws_vpc.default: Reading...[0m[0m
[0m[1mdata.aws_ami.ubuntu: Reading...[0m[0m
[0m[1mdata.aws_ami.ubuntu: Read complete after 2s [id=ami-0a9723306502e2558][0m
[0m[1mdata.aws_vpc.default: Read complete after 2s [id=vpc-05ced69c76f137754][0m

Terraform used the selected providers to generate the following execution
plan. Resource actions are indicated with the following symbols:
  [32m+[0m create[0m

Terraform will perform the following actions:

[1m  # module.app_servers["api"].aws_instance.this[0m will be created
[0m  [32m+[0m[0m resource "aws_instance" "this" {
      [32m+[0m[0m ami                                  = "ami-0a9723306502e2558"
      [32m+[0m[0m arn                                  = (known after apply)
      [32m+[0m[0m associate_public_ip_address          = (known after apply)
      [32m+[0m[0m availability_zone                    = (known after apply)
      [32m+[0m[0m cpu_core_count                       = (known after apply)
      [32m+[0m[0m cpu_threads_per_core                 = (known after apply)
      [32m+[0m[0m disable_api_stop                     = (known after apply)
      [32m+[0m[0m disable_api_termination              = (known after apply)
      [32m+[0m[0m ebs_optimized                        = (known after apply)
      [32m+[0m[0m enable_primary_ipv6                  = (known after apply)
      [32m+[0m[0m get_password_data                    = false
      [32m+[0m[0m host_id                              = (known after apply)
      [32m+[0m[0m host_resource_group_arn              = (known after apply)
      [32m+[0m[0m iam_instance_profile                 = (known after apply)
      [32m+[0m[0m id                                   = (known after apply)
      [32m+[0m[0m instance_initiated_shutdown_behavior = (known after apply)
      [32m+[0m[0m instance_lifecycle                   = (known after apply)
      [32m+[0m[0m instance_state                       = (known after apply)
      [32m+[0m[0m instance_type                        = "t3.micro"
      [32m+[0m[0m ipv6_address_count                   = (known after apply)
      [32m+[0m[0m ipv6_addresses                       = (known after apply)
      [32m+[0m[0m key_name                             = "aws-moringa"
      [32m+[0m[0m monitoring                           = (known after apply)
      [32m+[0m[0m outpost_arn                          = (known after apply)
      [32m+[0m[0m password_data                        = (known after apply)
      [32m+[0m[0m placement_group                      = (known after apply)
      [32m+[0m[0m placement_partition_number           = (known after apply)
      [32m+[0m[0m primary_network_interface_id         = (known after apply)
      [32m+[0m[0m private_dns                          = (known after apply)
      [32m+[0m[0m private_ip                           = (known after apply)
      [32m+[0m[0m public_dns                           = (known after apply)
      [32m+[0m[0m public_ip                            = (known after apply)
      [32m+[0m[0m secondary_private_ips                = (known after apply)
      [32m+[0m[0m security_groups                      = (known after apply)
      [32m+[0m[0m source_dest_check                    = true
      [32m+[0m[0m spot_instance_request_id             = (known after apply)
      [32m+[0m[0m subnet_id                            = "subnet-038fa4e0117c92a82"
      [32m+[0m[0m tags                                 = {
          [32m+[0m[0m "Environment" = "staging"
          [32m+[0m[0m "ManagedBy"   = "terraform"
          [32m+[0m[0m "Name"        = "kijanikiosk-api-staging"
          [32m+[0m[0m "Service"     = "api"
        }
      [32m+[0m[0m tags_all                             = {
          [32m+[0m[0m "Environment" = "staging"
          [32m+[0m[0m "ManagedBy"   = "terraform"
          [32m+[0m[0m "Name"        = "kijanikiosk-api-staging"
          [32m+[0m[0m "Service"     = "api"
        }
      [32m+[0m[0m tenancy                              = (known after apply)
      [32m+[0m[0m user_data                            = (known after apply)
      [32m+[0m[0m user_data_base64                     = (known after apply)
      [32m+[0m[0m user_data_replace_on_change          = false
      [32m+[0m[0m vpc_security_group_ids               = (known after apply)

      [32m+[0m[0m capacity_reservation_specification (known after apply)

      [32m+[0m[0m cpu_options (known after apply)

      [32m+[0m[0m ebs_block_device (known after apply)

      [32m+[0m[0m enclave_options (known after apply)

      [32m+[0m[0m ephemeral_block_device (known after apply)

      [32m+[0m[0m instance_market_options (known after apply)

      [32m+[0m[0m maintenance_options (known after apply)

      [32m+[0m[0m metadata_options (known after apply)

      [32m+[0m[0m network_interface (known after apply)

      [32m+[0m[0m private_dns_name_options (known after apply)

      [32m+[0m[0m root_block_device (known after apply)
    }

[1m  # module.app_servers["api"].aws_security_group.app[0m will be created
[0m  [32m+[0m[0m resource "aws_security_group" "app" {
      [32m+[0m[0m arn                    = (known after apply)
      [32m+[0m[0m description            = "Allow SSH from an allow-listed IP only"
      [32m+[0m[0m egress                 = [
          [32m+[0m[0m {
              [32m+[0m[0m cidr_blocks      = [
                  [32m+[0m[0m "0.0.0.0/0",
                ]
              [32m+[0m[0m from_port        = 0
              [32m+[0m[0m ipv6_cidr_blocks = []
              [32m+[0m[0m prefix_list_ids  = []
              [32m+[0m[0m protocol         = "-1"
              [32m+[0m[0m security_groups  = []
              [32m+[0m[0m self             = false
              [32m+[0m[0m to_port          = 0
                [90m# (1 unchanged attribute hidden)[0m[0m
            },
        ]
      [32m+[0m[0m id                     = (known after apply)
      [32m+[0m[0m ingress                = [
          [32m+[0m[0m {
              [32m+[0m[0m cidr_blocks      = [
                  [32m+[0m[0m "0.0.0.0/0",
                ]
              [32m+[0m[0m description      = "HTTP from anywhere"
              [32m+[0m[0m from_port        = 80
              [32m+[0m[0m ipv6_cidr_blocks = []
              [32m+[0m[0m prefix_list_ids  = []
              [32m+[0m[0m protocol         = "tcp"
              [32m+[0m[0m security_groups  = []
              [32m+[0m[0m self             = false
              [32m+[0m[0m to_port          = 80
            },
          [32m+[0m[0m {
              [32m+[0m[0m cidr_blocks      = [
                  [32m+[0m[0m "41.90.140.43/32",
                ]
              [32m+[0m[0m description      = "SSH from allow-listed IP"
              [32m+[0m[0m from_port        = 22
              [32m+[0m[0m ipv6_cidr_blocks = []
              [32m+[0m[0m prefix_list_ids  = []
              [32m+[0m[0m protocol         = "tcp"
              [32m+[0m[0m security_groups  = []
              [32m+[0m[0m self             = false
              [32m+[0m[0m to_port          = 22
            },
        ]
      [32m+[0m[0m name                   = "kijanikiosk-api-staging"
      [32m+[0m[0m name_prefix            = (known after apply)
      [32m+[0m[0m owner_id               = (known after apply)
      [32m+[0m[0m revoke_rules_on_delete = false
      [32m+[0m[0m tags                   = {
          [32m+[0m[0m "Environment" = "staging"
          [32m+[0m[0m "ManagedBy"   = "terraform"
          [32m+[0m[0m "Name"        = "kijanikiosk-api-staging"
          [32m+[0m[0m "Service"     = "api"
        }
      [32m+[0m[0m tags_all               = {
          [32m+[0m[0m "Environment" = "staging"
          [32m+[0m[0m "ManagedBy"   = "terraform"
          [32m+[0m[0m "Name"        = "kijanikiosk-api-staging"
          [32m+[0m[0m "Service"     = "api"
        }
      [32m+[0m[0m vpc_id                 = "vpc-05ced69c76f137754"
    }

[1m  # module.app_servers["logs"].aws_instance.this[0m will be created
[0m  [32m+[0m[0m resource "aws_instance" "this" {
      [32m+[0m[0m ami                                  = "ami-0a9723306502e2558"
      [32m+[0m[0m arn                                  = (known after apply)
      [32m+[0m[0m associate_public_ip_address          = (known after apply)
      [32m+[0m[0m availability_zone                    = (known after apply)
      [32m+[0m[0m cpu_core_count                       = (known after apply)
      [32m+[0m[0m cpu_threads_per_core                 = (known after apply)
      [32m+[0m[0m disable_api_stop                     = (known after apply)
      [32m+[0m[0m disable_api_termination              = (known after apply)
      [32m+[0m[0m ebs_optimized                        = (known after apply)
      [32m+[0m[0m enable_primary_ipv6                  = (known after apply)
      [32m+[0m[0m get_password_data                    = false
      [32m+[0m[0m host_id                              = (known after apply)
      [32m+[0m[0m host_resource_group_arn              = (known after apply)
      [32m+[0m[0m iam_instance_profile                 = (known after apply)
      [32m+[0m[0m id                                   = (known after apply)
      [32m+[0m[0m instance_initiated_shutdown_behavior = (known after apply)
      [32m+[0m[0m instance_lifecycle                   = (known after apply)
      [32m+[0m[0m instance_state                       = (known after apply)
      [32m+[0m[0m instance_type                        = "t3.micro"
      [32m+[0m[0m ipv6_address_count                   = (known after apply)
      [32m+[0m[0m ipv6_addresses                       = (known after apply)
      [32m+[0m[0m key_name                             = "aws-moringa"
      [32m+[0m[0m monitoring                           = (known after apply)
      [32m+[0m[0m outpost_arn                          = (known after apply)
      [32m+[0m[0m password_data                        = (known after apply)
      [32m+[0m[0m placement_group                      = (known after apply)
      [32m+[0m[0m placement_partition_number           = (known after apply)
      [32m+[0m[0m primary_network_interface_id         = (known after apply)
      [32m+[0m[0m private_dns                          = (known after apply)
      [32m+[0m[0m private_ip                           = (known after apply)
      [32m+[0m[0m public_dns                           = (known after apply)
      [32m+[0m[0m public_ip                            = (known after apply)
      [32m+[0m[0m secondary_private_ips                = (known after apply)
      [32m+[0m[0m security_groups                      = (known after apply)
      [32m+[0m[0m source_dest_check                    = true
      [32m+[0m[0m spot_instance_request_id             = (known after apply)
      [32m+[0m[0m subnet_id                            = "subnet-038fa4e0117c92a82"
      [32m+[0m[0m tags                                 = {
          [32m+[0m[0m "Environment" = "staging"
          [32m+[0m[0m "ManagedBy"   = "terraform"
          [32m+[0m[0m "Name"        = "kijanikiosk-logs-staging"
          [32m+[0m[0m "Service"     = "logs"
        }
      [32m+[0m[0m tags_all                             = {
          [32m+[0m[0m "Environment" = "staging"
          [32m+[0m[0m "ManagedBy"   = "terraform"
          [32m+[0m[0m "Name"        = "kijanikiosk-logs-staging"
          [32m+[0m[0m "Service"     = "logs"
        }
      [32m+[0m[0m tenancy                              = (known after apply)
      [32m+[0m[0m user_data                            = (known after apply)
      [32m+[0m[0m user_data_base64                     = (known after apply)
      [32m+[0m[0m user_data_replace_on_change          = false
      [32m+[0m[0m vpc_security_group_ids               = (known after apply)

      [32m+[0m[0m capacity_reservation_specification (known after apply)

      [32m+[0m[0m cpu_options (known after apply)

      [32m+[0m[0m ebs_block_device (known after apply)

      [32m+[0m[0m enclave_options (known after apply)

      [32m+[0m[0m ephemeral_block_device (known after apply)

      [32m+[0m[0m instance_market_options (known after apply)

      [32m+[0m[0m maintenance_options (known after apply)

      [32m+[0m[0m metadata_options (known after apply)

      [32m+[0m[0m network_interface (known after apply)

      [32m+[0m[0m private_dns_name_options (known after apply)

      [32m+[0m[0m root_block_device (known after apply)
    }

[1m  # module.app_servers["logs"].aws_security_group.app[0m will be created
[0m  [32m+[0m[0m resource "aws_security_group" "app" {
      [32m+[0m[0m arn                    = (known after apply)
      [32m+[0m[0m description            = "Allow SSH from an allow-listed IP only"
      [32m+[0m[0m egress                 = [
          [32m+[0m[0m {
              [32m+[0m[0m cidr_blocks      = [
                  [32m+[0m[0m "0.0.0.0/0",
                ]
              [32m+[0m[0m from_port        = 0
              [32m+[0m[0m ipv6_cidr_blocks = []
              [32m+[0m[0m prefix_list_ids  = []
              [32m+[0m[0m protocol         = "-1"
              [32m+[0m[0m security_groups  = []
              [32m+[0m[0m self             = false
              [32m+[0m[0m to_port          = 0
                [90m# (1 unchanged attribute hidden)[0m[0m
            },
        ]
      [32m+[0m[0m id                     = (known after apply)
      [32m+[0m[0m ingress                = [
          [32m+[0m[0m {
              [32m+[0m[0m cidr_blocks      = [
                  [32m+[0m[0m "0.0.0.0/0",
                ]
              [32m+[0m[0m description      = "HTTP from anywhere"
              [32m+[0m[0m from_port        = 80
              [32m+[0m[0m ipv6_cidr_blocks = []
              [32m+[0m[0m prefix_list_ids  = []
              [32m+[0m[0m protocol         = "tcp"
              [32m+[0m[0m security_groups  = []
              [32m+[0m[0m self             = false
              [32m+[0m[0m to_port          = 80
            },
          [32m+[0m[0m {
              [32m+[0m[0m cidr_blocks      = [
                  [32m+[0m[0m "41.90.140.43/32",
                ]
              [32m+[0m[0m description      = "SSH from allow-listed IP"
              [32m+[0m[0m from_port        = 22
              [32m+[0m[0m ipv6_cidr_blocks = []
              [32m+[0m[0m prefix_list_ids  = []
              [32m+[0m[0m protocol         = "tcp"
              [32m+[0m[0m security_groups  = []
              [32m+[0m[0m self             = false
              [32m+[0m[0m to_port          = 22
            },
        ]
      [32m+[0m[0m name                   = "kijanikiosk-logs-staging"
      [32m+[0m[0m name_prefix            = (known after apply)
      [32m+[0m[0m owner_id               = (known after apply)
      [32m+[0m[0m revoke_rules_on_delete = false
      [32m+[0m[0m tags                   = {
          [32m+[0m[0m "Environment" = "staging"
          [32m+[0m[0m "ManagedBy"   = "terraform"
          [32m+[0m[0m "Name"        = "kijanikiosk-logs-staging"
          [32m+[0m[0m "Service"     = "logs"
        }
      [32m+[0m[0m tags_all               = {
          [32m+[0m[0m "Environment" = "staging"
          [32m+[0m[0m "ManagedBy"   = "terraform"
          [32m+[0m[0m "Name"        = "kijanikiosk-logs-staging"
          [32m+[0m[0m "Service"     = "logs"
        }
      [32m+[0m[0m vpc_id                 = "vpc-05ced69c76f137754"
    }

[1m  # module.app_servers["payments"].aws_instance.this[0m will be created
[0m  [32m+[0m[0m resource "aws_instance" "this" {
      [32m+[0m[0m ami                                  = "ami-0a9723306502e2558"
      [32m+[0m[0m arn                                  = (known after apply)
      [32m+[0m[0m associate_public_ip_address          = (known after apply)
      [32m+[0m[0m availability_zone                    = (known after apply)
      [32m+[0m[0m cpu_core_count                       = (known after apply)
      [32m+[0m[0m cpu_threads_per_core                 = (known after apply)
      [32m+[0m[0m disable_api_stop                     = (known after apply)
      [32m+[0m[0m disable_api_termination              = (known after apply)
      [32m+[0m[0m ebs_optimized                        = (known after apply)
      [32m+[0m[0m enable_primary_ipv6                  = (known after apply)
      [32m+[0m[0m get_password_data                    = false
      [32m+[0m[0m host_id                              = (known after apply)
      [32m+[0m[0m host_resource_group_arn              = (known after apply)
      [32m+[0m[0m iam_instance_profile                 = (known after apply)
      [32m+[0m[0m id                                   = (known after apply)
      [32m+[0m[0m instance_initiated_shutdown_behavior = (known after apply)
      [32m+[0m[0m instance_lifecycle                   = (known after apply)
      [32m+[0m[0m instance_state                       = (known after apply)
      [32m+[0m[0m instance_type                        = "t3.micro"
      [32m+[0m[0m ipv6_address_count                   = (known after apply)
      [32m+[0m[0m ipv6_addresses                       = (known after apply)
      [32m+[0m[0m key_name                             = "aws-moringa"
      [32m+[0m[0m monitoring                           = (known after apply)
      [32m+[0m[0m outpost_arn                          = (known after apply)
      [32m+[0m[0m password_data                        = (known after apply)
      [32m+[0m[0m placement_group                      = (known after apply)
      [32m+[0m[0m placement_partition_number           = (known after apply)
      [32m+[0m[0m primary_network_interface_id         = (known after apply)
      [32m+[0m[0m private_dns                          = (known after apply)
      [32m+[0m[0m private_ip                           = (known after apply)
      [32m+[0m[0m public_dns                           = (known after apply)
      [32m+[0m[0m public_ip                            = (known after apply)
      [32m+[0m[0m secondary_private_ips                = (known after apply)
      [32m+[0m[0m security_groups                      = (known after apply)
      [32m+[0m[0m source_dest_check                    = true
      [32m+[0m[0m spot_instance_request_id             = (known after apply)
      [32m+[0m[0m subnet_id                            = "subnet-038fa4e0117c92a82"
      [32m+[0m[0m tags                                 = {
          [32m+[0m[0m "Environment" = "staging"
          [32m+[0m[0m "ManagedBy"   = "terraform"
          [32m+[0m[0m "Name"        = "kijanikiosk-payments-staging"
          [32m+[0m[0m "Service"     = "payments"
        }
      [32m+[0m[0m tags_all                             = {
          [32m+[0m[0m "Environment" = "staging"
          [32m+[0m[0m "ManagedBy"   = "terraform"
          [32m+[0m[0m "Name"        = "kijanikiosk-payments-staging"
          [32m+[0m[0m "Service"     = "payments"
        }
      [32m+[0m[0m tenancy                              = (known after apply)
      [32m+[0m[0m user_data                            = (known after apply)
      [32m+[0m[0m user_data_base64                     = (known after apply)
      [32m+[0m[0m user_data_replace_on_change          = false
      [32m+[0m[0m vpc_security_group_ids               = (known after apply)

      [32m+[0m[0m capacity_reservation_specification (known after apply)

      [32m+[0m[0m cpu_options (known after apply)

      [32m+[0m[0m ebs_block_device (known after apply)

      [32m+[0m[0m enclave_options (known after apply)

      [32m+[0m[0m ephemeral_block_device (known after apply)

      [32m+[0m[0m instance_market_options (known after apply)

      [32m+[0m[0m maintenance_options (known after apply)

      [32m+[0m[0m metadata_options (known after apply)

      [32m+[0m[0m network_interface (known after apply)

      [32m+[0m[0m private_dns_name_options (known after apply)

      [32m+[0m[0m root_block_device (known after apply)
    }

[1m  # module.app_servers["payments"].aws_security_group.app[0m will be created
[0m  [32m+[0m[0m resource "aws_security_group" "app" {
      [32m+[0m[0m arn                    = (known after apply)
      [32m+[0m[0m description            = "Allow SSH from an allow-listed IP only"
      [32m+[0m[0m egress                 = [
          [32m+[0m[0m {
              [32m+[0m[0m cidr_blocks      = [
                  [32m+[0m[0m "0.0.0.0/0",
                ]
              [32m+[0m[0m from_port        = 0
              [32m+[0m[0m ipv6_cidr_blocks = []
              [32m+[0m[0m prefix_list_ids  = []
              [32m+[0m[0m protocol         = "-1"
              [32m+[0m[0m security_groups  = []
              [32m+[0m[0m self             = false
              [32m+[0m[0m to_port          = 0
                [90m# (1 unchanged attribute hidden)[0m[0m
            },
        ]
      [32m+[0m[0m id                     = (known after apply)
      [32m+[0m[0m ingress                = [
          [32m+[0m[0m {
              [32m+[0m[0m cidr_blocks      = [
                  [32m+[0m[0m "0.0.0.0/0",
                ]
              [32m+[0m[0m description      = "HTTP from anywhere"
              [32m+[0m[0m from_port        = 80
              [32m+[0m[0m ipv6_cidr_blocks = []
              [32m+[0m[0m prefix_list_ids  = []
              [32m+[0m[0m protocol         = "tcp"
              [32m+[0m[0m security_groups  = []
              [32m+[0m[0m self             = false
              [32m+[0m[0m to_port          = 80
            },
          [32m+[0m[0m {
              [32m+[0m[0m cidr_blocks      = [
                  [32m+[0m[0m "41.90.140.43/32",
                ]
              [32m+[0m[0m description      = "SSH from allow-listed IP"
              [32m+[0m[0m from_port        = 22
              [32m+[0m[0m ipv6_cidr_blocks = []
              [32m+[0m[0m prefix_list_ids  = []
              [32m+[0m[0m protocol         = "tcp"
              [32m+[0m[0m security_groups  = []
              [32m+[0m[0m self             = false
              [32m+[0m[0m to_port          = 22
            },
        ]
      [32m+[0m[0m name                   = "kijanikiosk-payments-staging"
      [32m+[0m[0m name_prefix            = (known after apply)
      [32m+[0m[0m owner_id               = (known after apply)
      [32m+[0m[0m revoke_rules_on_delete = false
      [32m+[0m[0m tags                   = {
          [32m+[0m[0m "Environment" = "staging"
          [32m+[0m[0m "ManagedBy"   = "terraform"
          [32m+[0m[0m "Name"        = "kijanikiosk-payments-staging"
          [32m+[0m[0m "Service"     = "payments"
        }
      [32m+[0m[0m tags_all               = {
          [32m+[0m[0m "Environment" = "staging"
          [32m+[0m[0m "ManagedBy"   = "terraform"
          [32m+[0m[0m "Name"        = "kijanikiosk-payments-staging"
          [32m+[0m[0m "Service"     = "payments"
        }
      [32m+[0m[0m vpc_id                 = "vpc-05ced69c76f137754"
    }

[1mPlan:[0m [0m6 to add, 0 to change, 0 to destroy.

Changes to Outputs:
  [32m+[0m[0m api_server_ip       = (known after apply)
  [32m+[0m[0m logs_server_ip      = (known after apply)
  [32m+[0m[0m payments_server_ip  = (known after apply)
  [32m+[0m[0m server_instance_ids = {
      [32m+[0m[0m api      = (known after apply)
      [32m+[0m[0m logs     = (known after apply)
      [32m+[0m[0m payments = (known after apply)
    }
  [32m+[0m[0m server_public_ips   = {
      [32m+[0m[0m api      = (known after apply)
      [32m+[0m[0m logs     = (known after apply)
      [32m+[0m[0m payments = (known after apply)
    }
  [32m+[0m[0m ssh_commands        = {
      [32m+[0m[0m api      = (known after apply)
      [32m+[0m[0m logs     = (known after apply)
      [32m+[0m[0m payments = (known after apply)
    }
[0m[1mmodule.app_servers["payments"].aws_security_group.app: Creating...[0m[0m
[0m[1mmodule.app_servers["logs"].aws_security_group.app: Creating...[0m[0m
[0m[1mmodule.app_servers["api"].aws_security_group.app: Creating...[0m[0m
[0m[1mmodule.app_servers["api"].aws_security_group.app: Creation complete after 7s [id=sg-06b0245fdb5e7823b][0m
[0m[1mmodule.app_servers["payments"].aws_security_group.app: Creation complete after 7s [id=sg-0201d9e9b282130ba][0m
[0m[1mmodule.app_servers["logs"].aws_security_group.app: Creation complete after 7s [id=sg-07276628e1aeac949][0m
[0m[1mmodule.app_servers["logs"].aws_instance.this: Creating...[0m[0m
[0m[1mmodule.app_servers["payments"].aws_instance.this: Creating...[0m[0m
[0m[1mmodule.app_servers["api"].aws_instance.this: Creating...[0m[0m
[0m[1mmodule.app_servers["logs"].aws_instance.this: Still creating... [00m10s elapsed][0m[0m
[0m[1mmodule.app_servers["payments"].aws_instance.this: Still creating... [00m10s elapsed][0m[0m
[0m[1mmodule.app_servers["api"].aws_instance.this: Still creating... [00m10s elapsed][0m[0m
[0m[1mmodule.app_servers["payments"].aws_instance.this: Creation complete after 15s [id=i-00fd5a5e276751845][0m
[0m[1mmodule.app_servers["api"].aws_instance.this: Creation complete after 15s [id=i-0d72c7af76810d8b9][0m
[0m[1mmodule.app_servers["logs"].aws_instance.this: Creation complete after 16s [id=i-04f26b8121b3256cd][0m
Releasing state lock. This may take a few moments...
[0m[1m[32m
Apply complete! Resources: 6 added, 0 changed, 0 destroyed.[0m
[0m[1m[32m
Outputs:

[0mapi_server_ip = "65.1.148.189"
logs_server_ip = "43.204.231.16"
payments_server_ip = "3.110.135.210"
server_instance_ids = {
  "api" = "i-0d72c7af76810d8b9"
  "logs" = "i-04f26b8121b3256cd"
  "payments" = "i-00fd5a5e276751845"
}
server_public_ips = {
  "api" = "65.1.148.189"
  "logs" = "43.204.231.16"
  "payments" = "3.110.135.210"
}
ssh_commands = {
  "api" = "ssh -i ~/.ssh/aws-moringa.pem ubuntu@65.1.148.189"
  "logs" = "ssh -i ~/.ssh/aws-moringa.pem ubuntu@43.204.231.16"
  "payments" = "ssh -i ~/.ssh/aws-moringa.pem ubuntu@3.110.135.210"
}
=== Extracting server IPs from Terraform outputs ===
api-staging=65.1.148.189  payments-staging=3.110.135.210  logs-staging=43.204.231.16
=== Writing ansible/inventory.ini ===
=== Waiting for SSH to come up ===
=== Ansible: configure all three servers ===

PLAY [Configure KijaniKiosk servers] *******************************************

TASK [Gathering Facts] *********************************************************
[WARNING]: Host 'api-staging' is using the discovered Python interpreter at '/usr/bin/python3.10', but future installation of another Python interpreter could cause a different interpreter to be discovered. See https://docs.ansible.com/ansible-core/2.21/reference_appendices/interpreter_discovery.html for more information.
[WARNING]: Host 'logs-staging' is using the discovered Python interpreter at '/usr/bin/python3.10', but future installation of another Python interpreter could cause a different interpreter to be discovered. See https://docs.ansible.com/ansible-core/2.21/reference_appendices/interpreter_discovery.html for more information.
[WARNING]: Host 'payments-staging' is using the discovered Python interpreter at '/usr/bin/python3.10', but future installation of another Python interpreter could cause a different interpreter to be discovered. See https://docs.ansible.com/ansible-core/2.21/reference_appendices/interpreter_discovery.html for more information.
ok: [api-staging]
ok: [logs-staging]
ok: [payments-staging]

TASK [Gather current service facts] ********************************************
ok: [logs-staging]
ok: [api-staging]
ok: [payments-staging]

TASK [Update apt cache] ********************************************************
changed: [logs-staging]
changed: [api-staging]
changed: [payments-staging]

TASK [Install required packages] ***********************************************
changed: [api-staging]
changed: [logs-staging]
changed: [payments-staging]

TASK [Create kijanikiosk system group] *****************************************
changed: [api-staging]
changed: [logs-staging]
changed: [payments-staging]

TASK [Create service account] **************************************************
changed: [api-staging]
changed: [logs-staging]
changed: [payments-staging]

TASK [Create application directory tree] ***************************************
changed: [logs-staging] => (item={'path': '/opt/kijanikiosk', 'owner': 'root', 'mode': '0755'})
changed: [api-staging] => (item={'path': '/opt/kijanikiosk', 'owner': 'root', 'mode': '0755'})
changed: [payments-staging] => (item={'path': '/opt/kijanikiosk', 'owner': 'root', 'mode': '0755'})
changed: [logs-staging] => (item={'path': '/opt/kijanikiosk/config', 'owner': 'root', 'mode': '0750'})
changed: [api-staging] => (item={'path': '/opt/kijanikiosk/config', 'owner': 'root', 'mode': '0750'})
changed: [payments-staging] => (item={'path': '/opt/kijanikiosk/config', 'owner': 'root', 'mode': '0750'})
changed: [logs-staging] => (item={'path': '/opt/kijanikiosk/kk-logs', 'owner': 'kk-logs', 'mode': '0750'})
changed: [api-staging] => (item={'path': '/opt/kijanikiosk/kk-api', 'owner': 'kk-api', 'mode': '0750'})
changed: [payments-staging] => (item={'path': '/opt/kijanikiosk/kk-payments', 'owner': 'kk-payments', 'mode': '0750'})
changed: [logs-staging] => (item={'path': '/opt/kijanikiosk/shared/logs', 'owner': 'kk-logs', 'mode': '02750'})
changed: [api-staging] => (item={'path': '/opt/kijanikiosk/shared/logs', 'owner': 'kk-api', 'mode': '02750'})
changed: [payments-staging] => (item={'path': '/opt/kijanikiosk/shared/logs', 'owner': 'kk-payments', 'mode': '02750'})

TASK [Deploy service environment file] *****************************************
changed: [logs-staging]
changed: [api-staging]
changed: [payments-staging]

TASK [Deploy systemd unit file] ************************************************
changed: [api-staging]
changed: [logs-staging]
changed: [payments-staging]

TASK [Enable service] **********************************************************
changed: [logs-staging]
changed: [api-staging]
changed: [payments-staging]

TASK [Set ufw default deny incoming] *******************************************
changed: [api-staging]
changed: [logs-staging]
changed: [payments-staging]

TASK [Allow SSH] ***************************************************************
changed: [logs-staging]
changed: [api-staging]
changed: [payments-staging]

TASK [Allow service port] ******************************************************
changed: [logs-staging]
changed: [api-staging]
changed: [payments-staging]

TASK [Create persistent journal directory] *************************************
changed: [api-staging]
changed: [logs-staging]
changed: [payments-staging]

TASK [Create journald conf.d directory] ****************************************
changed: [api-staging]
changed: [logs-staging]
changed: [payments-staging]

TASK [Deploy persistent journald configuration] ********************************
changed: [api-staging]
changed: [logs-staging]
changed: [payments-staging]

TASK [Deploy logrotate configuration] ******************************************
changed: [logs-staging]
changed: [api-staging]
changed: [payments-staging]

RUNNING HANDLER [Reload systemd] ***********************************************
ok: [api-staging]
ok: [logs-staging]
ok: [payments-staging]

RUNNING HANDLER [Restart service] **********************************************
skipping: [api-staging]
skipping: [payments-staging]
skipping: [logs-staging]

RUNNING HANDLER [Restart journald] *********************************************
changed: [api-staging]
changed: [logs-staging]
changed: [payments-staging]

PLAY RECAP *********************************************************************
api-staging                : ok=19   changed=16   unreachable=0    failed=0    skipped=1    rescued=0    ignored=0   
logs-staging               : ok=19   changed=16   unreachable=0    failed=0    skipped=1    rescued=0    ignored=0   
payments-staging           : ok=19   changed=16   unreachable=0    failed=0    skipped=1    rescued=0    ignored=0   

=== Pipeline complete ===
